
C:\Users\marci>docker images
REPOSITORY                        TAG       IMAGE ID       CREATED       SIZE
redis                             latest    40c68ed3a4d2   2 weeks ago   113MB
mcr.microsoft.com/dotnet/aspnet   5.0       b63a25852a66   2 weeks ago   205MB
redislabs/rejson                  latest    2695b8536f87   2 weeks ago   148MB
datalust/seq                      latest    89ffc02cb30d   2 weeks ago   538MB

C:\Users\marci>docker pull redis

C:\Users\marci>docker ps

C:\Users\marci>docker exec -it my-redis-1

C:\Users\marci>docker exec -it my-redis-1 bash

root@c1bebf05cb04:/data# cat dump.rdb

root@c1bebf05cb04:/data# redis-cli

127.0.0.1:6379> SET uczestnik:1 Mateusz
OK
127.0.0.1:6379> SET uczestnik:2 Darek
OK
127.0.0.1:6379> SET uczestnik:3 Szymon
OK
127.0.0.1:6379> KEYS *
1) "uczestnik:3"
2) "uczestnik:2"
3) "uczestnik:1"
127.0.0.1:6379> SET trener Marcin
OK
127.0.0.1:6379> KEYS *
1) "uczestnik:3"
2) "uczestnik:2"
3) "uczestnik:1"
4) "trener"
127.0.0.1:6379> KEYS uczestnik:*
1) "uczestnik:3"
2) "uczestnik:2"
3) "uczestnik:1"
127.0.0.1:6379> SET points 100
OK
127.0.0.1:6379> GET uczestnik:1
"Mateusz"
127.0.0.1:6379> GET uczestnik:2
"Darek"
127.0.0.1:6379> MGET uczestnik:1 uczestnik:2 uczestnik:3
1) "Mateusz"
2) "Darek"
3) "Szymon"
127.0.0.1:6379> MGET uczestnik:1 uczestnik:2 uczestnik:3 trener
1) "Mateusz"
2) "Darek"
3) "Szymon"
4) "Marcin"
127.0.0.1:6379> GET points
"100"
127.0.0.1:6379> INCR points
(integer) 101
127.0.0.1:6379> INCR points
(integer) 102
127.0.0.1:6379> INCR points
(integer) 103
127.0.0.1:6379> INCRBY points 10
(integer) 113
127.0.0.1:6379> INCRBY points 10
(integer) 123
127.0.0.1:6379> SET lives 3
OK
127.0.0.1:6379> DECR lives
(integer) 2
127.0.0.1:6379> DECR lives
(integer) 1
127.0.0.1:6379> DECR lives
(integer) 0
127.0.0.1:6379> DECR lives
(integer) -1
127.0.0.1:6379> DECR lives
(integer) -2
127.0.0.1:6379> DECR lives
(integer) -3
127.0.0.1:6379> DECR lives
(integer) -4
127.0.0.1:6379> SET temp 21.04
OK
127.0.0.1:6379> INCRBYFLOAT temp 0.5
"21.54"
127.0.0.1:6379> INCRBYFLOAT temp 0.5
"22.04"
127.0.0.1:6379> INCRBYFLOAT temp -0.5
"21.54"
127.0.0.1:6379> INCRBYFLOAT temp -0.5
"21.04"
127.0.0.1:6379> INCRBYFLOAT temp -0.5
"20.54"
127.0.0.1:6379> INCRBYFLOAT temp -0.5
"20.04"
127.0.0.1:6379> SET lives 3
OK
127.0.0.1:6379> DEL lives
(integer) 1
127.0.0.1:6379> KEYS *
1) "uczestnik:1"
2) "uczestnik:2"
3) "temp"
4) "uczestnik:3"
5) "trener"
6) "points"
127.0.0.1:6379> SET lives 3 EX 60
OK
127.0.0.1:6379> TTL lives
(integer) 48
127.0.0.1:6379> TTL lives
(integer) 46
127.0.0.1:6379> TTL lives
(integer) 44
127.0.0.1:6379> KEYS *
1) "uczestnik:1"
2) "uczestnik:2"
3) "temp"
4) "uczestnik:3"
5) "trener"
6) "points"
127.0.0.1:6379> SET session:0545454 %#$GEFG5345#$%#$%$#% EX 120
OK
127.0.0.1:6379> EXPIRE session 120
(integer) 0
127.0.0.1:6379> TTL session
(integer) -2
127.0.0.1:6379> TTL session:0545454
(integer) 69
127.0.0.1:6379> EXPIRE session:0545454  120
(integer) 1
127.0.0.1:6379> TTL session:0545454
(integer) 118
127.0.0.1:6379> PERSIST session:0545454
(integer) 1
127.0.0.1:6379> TTL session:0545454
(integer) -1
127.0.0.1:6379> KEYS *
1) "uczestnik:1"
2) "uczestnik:2"
3) "temp"
4) "uczestnik:3"
5) "session:0545454"
6) "trener"
7) "points"
127.0.0.1:6379> EXPIRE session:0545454  120
(integer) 1
127.0.0.1:6379> TTL session:0545454
(integer) 116
127.0.0.1:6379> EXIST api:customers:10
(error) ERR unknown command `EXIST`, with args beginning with: `api:customers:10`,
127.0.0.1:6379> EXISTS api:customers:10
(integer) 0
127.0.0.1:6379> SET api:customers:10 "<json></json>" EX 240
OK
127.0.0.1:6379> EXISTS api:customers:10
(integer) 1
127.0.0.1:6379> GET api:customers:10
"<json></json>"
127.0.0.1:6379> DEBUG OBJECT trener
Value at:0x7f45f0e0e6c0 refcount:1 encoding:embstr serializedlength:7 lru:11130129 lru_seconds_idle:625
127.0.0.1:6379> GET trener
"Marcin"
127.0.0.1:6379> SET developer Marcin
OK
127.0.0.1:6379> KEYS *
1) "api:customers:10"
2) "uczestnik:1"
3) "uczestnik:2"
4) "temp"
5) "uczestnik:3"
6) "developer"
7) "trener"
8) "points"
127.0.0.1:6379> GET developer
"Marcin"
127.0.0.1:6379> DEBUG OBJECT trener
Value at:0x7f45f0e0e6c0 refcount:1 encoding:embstr serializedlength:7 lru:11130780 lru_seconds_idle:34
127.0.0.1:6379> DEBUG OBJECT developer
Value at:0x7f45f0e0e700 refcount:1 encoding:embstr serializedlength:7 lru:11130800 lru_seconds_idle:44
127.0.0.1:6379> GET trener
"Marcin"
127.0.0.1:6379> GET developer
"Marcin"
127.0.0.1:6379> HSET cart:1 item 1111 quantity 1 price 1 [field value ..127.0.0.1:6379> HSET cart:1 item 1111 quantity 1 price 10 [field value .127.0.0.1:6379> HSET cart:1 item 1111 quantity 1 price 10. [field value 127.0.0.1:6379> HSET cart:1 item 1111 quantity 1 price 10.9 [field value127.0.0.1:6379> HSET cart:1 item 1111 quantity 1 price 10.99 [field valu127.0.0.1:6379> HSET cart:1 item 1111 quantity 1 price 10.99 [field valu127.0.0.1:6379> HSET cart:1 item 1111 quantity 1 price 10.99 c [field va127.0.0.1:6379> HSET cart:1 item 1111 quantity 1 price 10.99 co [field v127.0.0.1:6379> HSET cart:1 item 1111 quantity 1 price 10.99 coo [field 127.0.0.1:6379> HSET cart:1 item 1111 quantity 1 price 10.99 coor 127.0.0.1:6379> HSET cart:1 item 1111 quantity 1 price 10.99 color red
(integer) 4
127.0.0.1:6379> KEYS *
1) "cart:1"
2) "uczestnik:1"
3) "uczestnik:2"
4) "temp"
5) "uczestnik:3"
6) "developer"
7) "trener"
8) "points"
127.0.0.1:6379> TYPE cart:1
hash
127.0.0.1:6379> TYPE temp
string
127.0.0.1:6379> HKEYS cart:1
1) "item"
2) "quantity"
3) "price"
4) "color"
127.0.0.1:6379> HSET cart:1:1111 quantity 1 price 10.99 color red
(integer) 3
127.0.0.1:6379> HSET cart:1:4444 quantity 1 price 10.99
(integer) 2
127.0.0.1:6379> KEYS cart:1:*
1) "cart:1:1111"
2) "cart:1:4444"
127.0.0.1:6379> HINCRBY cart:1:4444 quantity 2
(integer) 3
127.0.0.1:6379> HGET cart:1:4444 quantity
"3"
127.0.0.1:6379> HVALS cart:1:4444
1) "3"
2) "10.99"
127.0.0.1:6379> HVALS cart:1:1111
1) "1"
2) "10.99"
3) "red"
127.0.0.1:6379> HGETALL cart:1:1111
1) "quantity"
2) "1"
3) "price"
4) "10.99"
5) "color"
6) "red"
127.0.0.1:6379> LASTSAVE
(integer) 1638519910
127.0.0.1:6379> BGSAVE
Background saving started
127.0.0.1:6379> exit
root@c1bebf05cb04:/data# ls
dump.rdb
root@c1bebf05cb04:/data# cat dump.rdb

127.0.0.1:6379> EXPIRE cart:1:1111 EX 120
(error) ERR wrong number of arguments for 'expire' command
127.0.0.1:6379> EXPIRE cart:1:1111 120
(integer) 1
127.0.0.1:6379> EXPIRE cart:1:4444 120
(integer) 1
127.0.0.1:6379> KEYS *
 1) "cart:1"
 2) "cart:1:1111"
 3) "uczestnik:2"
 4) "uczestnik:1"
 5) "uczestnik:3"
 6) "temp"
 7) "cart:1:4444"
 8) "developer"
 9) "points"
10) "trener"
127.0.0.1:6379> KEYS cart*
1) "cart:1"
2) "cart:1:1111"
3) "cart:1:4444"
127.0.0.1:6379> TTL cart:1:1111
(integer) 103
127.0.0.1:6379> DEL cart:1
(integer) 1
127.0.0.1:6379> KEYS cart*
1) "cart:1:1111"
2) "cart:1:4444"
127.0.0.1:6379> PERSIST cart:1:1111
(integer) 1
127.0.0.1:6379> PERSIST cart:1:4444
(integer) 1
127.0.0.1:6379> HSET cart:1:1111 discount -10
(integer) 1
127.0.0.1:6379> HGETALL cart:1:1111
1) "quantity"
2) "1"
3) "price"
4) "10.99"
5) "color"
6) "red"
7) "discount"
8) "-10"
127.0.0.1:6379> HDEL cart:1:1111 discount
(integer) 1
127.0.0.1:6379> HGETALL cart:1:1111
1) "quantity"
2) "1"
3) "price"
4) "10.99"
5) "color"
6) "red"
127.0.0.1:6379> KEYS *
1) "cart:1:1111"
2) "uczestnik:2"
3) "uczestnik:1"
4) "uczestnik:3"
5) "temp"
6) "cart:1:4444"
7) "developer"
8) "points"
9) "trener"
127.0.0.1:6379> SET trener Krzysztof
OK
127.0.0.1:6379> SET trener Krzysztof NX
(nil)
127.0.0.1:6379> SET trener Marcin NX
(nil)
127.0.0.1:6379> GET trener
"Krzysztof"
127.0.0.1:6379> SET trener Marcin
OK
127.0.0.1:6379> SET uczestnik:5 Krzysztof XX
(nil)
127.0.0.1:6379> EXPIREAT trener 1638532800
(integer) 1
127.0.0.1:6379> TTL trener
(integer) 10281
127.0.0.1:6379> TTL trener
(integer) 10277
127.0.0.1:6379> KEYS *
1) "cart:1:1111"
2) "uczestnik:2"
3) "uczestnik:1"
4) "uczestnik:3"
5) "temp"
6) "cart:1:4444"
7) "developer"
8) "points"
9) "trener"
127.0.0.1:6379> SELECT 0
OK
127.0.0.1:6379> SELECT 1
OK
127.0.0.1:6379[1]> KEYS *
(empty array)
127.0.0.1:6379[1]> SET points 10
OK
127.0.0.1:6379[1]> GET points
"10"
127.0.0.1:6379[1]> SELECT 0
OK
127.0.0.1:6379> KEYS *
1) "cart:1:1111"
2) "uczestnik:2"
3) "uczestnik:1"
4) "uczestnik:3"
5) "temp"
6) "cart:1:4444"
7) "developer"
8) "points"
9) "trener"
127.0.0.1:6379> GET points
"123"
127.0.0.1:6379> SELECT 120
(error) ERR DB index is out of range

127.0.0.1:6379> INFO
# Server
redis_version:6.2.6
redis_git_sha1:00000000
redis_git_dirty:0
redis_build_id:84dfb40eb1119e5
redis_mode:standalone
os:Linux 4.19.128-microsoft-standard x86_64
arch_bits:64
multiplexing_api:epoll
atomicvar_api:atomic-builtin
gcc_version:10.2.1
process_id:1
process_supervised:no
run_id:0f9e7f06e2d5ca89b946b9453345de4427772b15
tcp_port:6379
server_time_usec:1638522877946464
uptime_in_seconds:61300
uptime_in_days:0
hz:10
configured_hz:10
lru_clock:11132925
executable:/data/redis-server
config_file:
io_threads_active:0

# Clients
connected_clients:2
cluster_connections:0
maxclients:10000
client_recent_max_input_buffer:24
client_recent_max_output_buffer:0
blocked_clients:0
tracking_clients:0
clients_in_timeout_table:0

# Memory
used_memory:895744
used_memory_human:874.75K
used_memory_rss:12488704
used_memory_rss_human:11.91M
used_memory_peak:4934624
used_memory_peak_human:4.71M
used_memory_peak_perc:18.15%
used_memory_overhead:851496
used_memory_startup:809880
used_memory_dataset:44248
used_memory_dataset_perc:51.53%
allocator_allocated:939840
allocator_active:1212416
allocator_resident:4362240
total_system_memory:13235855360
total_system_memory_human:12.33G
used_memory_lua:37888
used_memory_lua_human:37.00K
used_memory_scripts:0
used_memory_scripts_human:0B
number_of_cached_scripts:0
maxmemory:0
maxmemory_human:0B
maxmemory_policy:noeviction
allocator_frag_ratio:1.29
allocator_frag_bytes:272576
allocator_rss_ratio:3.60
allocator_rss_bytes:3149824
rss_overhead_ratio:2.86
rss_overhead_bytes:8126464
mem_fragmentation_ratio:14.64
mem_fragmentation_bytes:11635720
mem_not_counted_for_evict:0
mem_replication_backlog:0
mem_clients_slaves:0
mem_clients_normal:41000
mem_aof_buffer:0
mem_allocator:jemalloc-5.1.0
active_defrag_running:0
lazyfree_pending_objects:0
lazyfreed_objects:0

# Persistence
loading:0
current_cow_size:0
current_cow_size_age:0
current_fork_perc:0.00
current_save_keys_processed:0
current_save_keys_total:0
rdb_changes_since_last_save:11
rdb_bgsave_in_progress:0
rdb_last_save_time:1638521754
rdb_last_bgsave_status:ok
rdb_last_bgsave_time_sec:0
rdb_current_bgsave_time_sec:-1
rdb_last_cow_size:364544
aof_enabled:0
aof_rewrite_in_progress:0
aof_rewrite_scheduled:0
aof_last_rewrite_time_sec:-1
aof_current_rewrite_time_sec:-1
aof_last_bgrewrite_status:ok
aof_last_write_status:ok
aof_last_cow_size:0
module_fork_in_progress:0
module_fork_last_cow_size:0

# Stats
total_connections_received:1006
total_commands_processed:2000224
instantaneous_ops_per_sec:0
total_net_input_bytes:104007510
total_net_output_bytes:1362975856
instantaneous_input_kbps:0.00
instantaneous_output_kbps:0.00
rejected_connections:0
sync_full:0
sync_partial_ok:0
sync_partial_err:0
expired_keys:4
expired_stale_perc:0.00
expired_time_cap_reached_count:0
expire_cycle_cpu_milliseconds:253
evicted_keys:0
keyspace_hits:500062
keyspace_misses:6
pubsub_channels:0
pubsub_patterns:0
latest_fork_usec:383
total_forks:5
migrate_cached_sockets:0
slave_expires_tracked_keys:0
active_defrag_hits:0
active_defrag_misses:0
active_defrag_key_hits:0
active_defrag_key_misses:0
tracking_total_keys:0
tracking_total_items:0
tracking_total_prefixes:0
unexpected_error_replies:0
total_error_replies:15
dump_payload_sanitizations:0
total_reads_processed:2001237
total_writes_processed:2000262
io_threaded_reads_processed:0
io_threaded_writes_processed:0

# Replication
role:master
connected_slaves:0
master_failover_state:no-failover
master_replid:86cfaf26027393bfc8b66dac3532a87f0b2e46b3
master_replid2:0000000000000000000000000000000000000000
master_repl_offset:0
second_repl_offset:-1
repl_backlog_active:0
repl_backlog_size:1048576
repl_backlog_first_byte_offset:0
repl_backlog_histlen:0

# CPU
used_cpu_sys:32.532889
used_cpu_user:36.543793
used_cpu_sys_children:0.005361
used_cpu_user_children:0.008674
used_cpu_sys_main_thread:32.504494
used_cpu_user_main_thread:36.540501

# Modules

# Errorstats
errorstat_ERR:count=13
errorstat_EXECABORT:count=1
errorstat_WRONGTYPE:count=1

# Cluster
cluster_enabled:0

# Keyspace
db0:keys=9,expires=1,avg_ttl=9925970
db1:keys=1,expires=0,avg_ttl=0
127.0.0.1:6379> DEBUG OBJECT
(error) ERR Unknown subcommand or wrong number of arguments for 'OBJECT'. Try DEBUG HELP.
127.0.0.1:6379> OBJECT DEBUG trener
(error) ERR Unknown subcommand or wrong number of arguments for 'DEBUG'. Try OBJECT HELP.
127.0.0.1:6379> OBJECT HELP
 1) OBJECT <subcommand> [<arg> [value] [opt] ...]. Subcommands are:
 2) ENCODING <key>
 3)     Return the kind of internal representation used in order to store the value
 4)     associated with a <key>.
 5) FREQ <key>
 6)     Return the access frequency index of the <key>. The returned integer is
 7)     proportional to the logarithm of the recent access frequency of the key.
 8) IDLETIME <key>
 9)     Return the idle time of the <key>, that is the approximated number of
10)     seconds elapsed since the last access to the key.
11) REFCOUNT <key>
12)     Return the number of references of the value associated with the specified
13)     <key>.
14) HELP
15)     Prints this help.
127.0.0.1:6379> DEBUG OBJECT trener
Value at:0x7f45f0e0e6c0 refcount:1 encoding:embstr serializedlength:7 lru:11132561 lru_seconds_idle:478
127.0.0.1:6379> SELECT 2
OK
127.0.0.1:6379[2]> KEYS *
(empty array)
127.0.0.1:6379[2]> SET session trterer EX 1200
OK
127.0.0.1:6379[2]> SET session2 trterer EX 1200
OK
127.0.0.1:6379[2]> SET session3 trterer EX 1200
OK
127.0.0.1:6379[2]> KEYS *
1) "session2"
2) "session3"
3) "session"
127.0.0.1:6379[2]> FLUSHDB
OK
127.0.0.1:6379[2]> SELECT 0
OK
127.0.0.1:6379> KEYS *
1) "cart:1:1111"
2) "uczestnik:2"
3) "uczestnik:1"
4) "uczestnik:3"
5) "temp"
6) "cart:1:4444"
7) "developer"
8) "points"
9) "trener"
127.0.0.1:6379> SELECT 2
OK
127.0.0.1:6379[2]> KEYS *
(empty array)
127.0.0.1:6379[2]> SADD szkolenie Mateusz Szymon Bartek Arek
(integer) 4
127.0.0.1:6379[2]> SMEMBERS szkolenie
1) "Arek"
2) "Bartek"
3) "Mateusz"
4) "Szymon"
127.0.0.1:6379[2]> SADD szkolenie Szymon
(integer) 0
127.0.0.1:6379[2]> SMEMBERS szkolenie
1) "Arek"
2) "Bartek"
3) "Mateusz"
4) "Szymon"
127.0.0.1:6379[2]> SREM szkolenie Szymon
(integer) 1
127.0.0.1:6379[2]> SMEMBERS szkolenie
1) "Bartek"
2) "Mateusz"
3) "Arek"
127.0.0.1:6379[2]> SADD new-orders ZA1 ZA2 ZA3
(integer) 3
127.0.0.1:6379[2]> SMEMBERS new-orders
1) "ZA1"
2) "ZA3"
3) "ZA2"
127.0.0.1:6379[2]> SADD new-orders ZA4 ZA5
(integer) 2
127.0.0.1:6379[2]> SMEMBERS new-orders
1) "ZA1"
2) "ZA3"
3) "ZA2"
4) "ZA4"
5) "ZA5"
127.0.0.1:6379[2]> SMOVE new-orders in-progress ZA2
(integer) 1
127.0.0.1:6379[2]> SMOVE new-orders in-progress ZA5
(integer) 1
127.0.0.1:6379[2]> SMEMBERS new-orders
1) "ZA4"
2) "ZA3"
3) "ZA1"
127.0.0.1:6379[2]> SMEMBERS in-progress
1) "ZA5"
2) "ZA2"
127.0.0.1:6379[2]> SMOVE in-progress sent ZA2
(integer) 1
127.0.0.1:6379[2]> SMEMBERS in-progress
1) "ZA5"
127.0.0.1:6379[2]> SMEMBERS sent
1) "ZA2"
127.0.0.1:6379[2]> help @sets

127.0.0.1:6379[2]> help @set

127.0.0.1:6379[2]> KEYS *
1) "new-orders"
2) "szkolenie"
3) "sent"
4) "in-progress"
127.0.0.1:6379[2]> SUNION new-orders sent in-progress
1) "ZA1"
2) "ZA2"
3) "ZA3"
4) "ZA4"
5) "ZA5"
127.0.0.1:6379[2]> SMEMBER in-progress
(error) ERR unknown command `SMEMBER`, with args beginning with: `in-progress`,
127.0.0.1:6379[2]> SMEMBERS in-progress
1) "ZA5"
127.0.0.1:6379[2]> SMOVE in-progress sent ZA5
(integer) 1
127.0.0.1:6379[2]> KEYS *
1) "new-orders"
2) "szkolenie"
3) "sent"
127.0.0.1:6379[2]> SMOVE in-progress sent ZA1
(integer) 0
127.0.0.1:6379[2]> KEYS *
1) "new-orders"
2) "szkolenie"
3) "sent"
127.0.0.1:6379[2]> SMOVE in-progress sent ZA2
(integer) 0
127.0.0.1:6379[2]> KEYS *
1) "new-orders"
2) "szkolenie"
3) "sent"
127.0.0.1:6379[2]> SMEMBERS new-orders
1) "ZA4"
2) "ZA3"
3) "ZA1"
127.0.0.1:6379[2]> SMOVE new-orders in-progress ZA1
(integer) 1
127.0.0.1:6379[2]> SMEMBERS new-orders
1) "ZA3"
2) "ZA4"
127.0.0.1:6379[2]> KEYS *
1) "new-orders"
2) "szkolenie"
3) "sent"
4) "in-progress"
127.0.0.1:6379[2]> SUNION new-orders in-progress sent
1) "ZA5"
2) "ZA1"
3) "ZA3"
4) "ZA4"
5) "ZA2"
127.0.0.1:6379[2]> SUNIONSTORE all-orders new-orders in-progress sent
(integer) 5
127.0.0.1:6379[2]> KEYS *
1) "szkolenie"
2) "sent"
3) "in-progress"
4) "new-orders"
5) "all-orders"
127.0.0.1:6379[2]> SMEMBERS all-orders
1) "ZA5"
2) "ZA1"
3) "ZA3"
4) "ZA4"
5) "ZA2"
127.0.0.1:6379[2]> SCARD all-orders
(integer) 5
127.0.0.1:6379[2]> SELECT 0
OK
127.0.0.1:6379> KEYS *
1) "cart:1:1111"
2) "uczestnik:2"
3) "uczestnik:1"
4) "uczestnik:3"
5) "temp"
6) "cart:1:4444"
7) "developer"
8) "points"
9) "trener"
127.0.0.1:6379> MOVE cart:1:1111 3
(integer) 1
127.0.0.1:6379> MOVE cart:1:4444 3
(integer) 1
127.0.0.1:6379> KEYS *
1) "uczestnik:2"
2) "uczestnik:1"
3) "uczestnik:3"
4) "temp"
5) "developer"
6) "points"
7) "trener"
